exports[`MatchList Rendering should match the snapshot 1`] = `
<View>
  <View>
    <Text
      accessible={true}
      allowFontScaling={true}
      ellipsizeMode="tail">
      Drew
    </Text>
    <Text
      accessible={true}
      allowFontScaling={true}
      ellipsizeMode="tail">
       Versus 
    </Text>
    <Text
      accessible={true}
      allowFontScaling={true}
      ellipsizeMode="tail">
      James
    </Text>
  </View>
  <View>
    <Text
      accessible={true}
      allowFontScaling={true}
      ellipsizeMode="tail">
      Miley
    </Text>
    <Text
      accessible={true}
      allowFontScaling={true}
      ellipsizeMode="tail">
       Versus 
    </Text>
    <Text
      accessible={true}
      allowFontScaling={true}
      ellipsizeMode="tail">
      Test
    </Text>
  </View>
</View>
`;
