exports[`MatchView Rendering should match the snapshot 1`] = `
<View>
  <Text
    accessible={true}
    allowFontScaling={true}
    ellipsizeMode="tail">
    One
  </Text>
  <Text
    accessible={true}
    allowFontScaling={true}
    ellipsizeMode="tail">
     Versus 
  </Text>
  <Text
    accessible={true}
    allowFontScaling={true}
    ellipsizeMode="tail">
    Two
  </Text>
</View>
`;
